

================================================================
== Vivado HLS Report for 'worker_create_COO'
================================================================
* Date:           Fri Nov 18 18:42:36 2022

* Version:        2016.2 (Build 1577090 on Thu Jun 02 16:59:10 MDT 2016)
* Project:        COO_SpMV.prj
* Solution:       solution1
* Product family: zynq
* Target device:  xc7z020clg484-1


================================================================
== Performance Estimates
================================================================
+ Timing (ns): 
    * Summary: 
    +--------+-------+----------+------------+
    |  Clock | Target| Estimated| Uncertainty|
    +--------+-------+----------+------------+
    |ap_clk  |  10.00|      8.16|        1.25|
    +--------+-------+----------+------------+

+ Latency (clock cycles): 
    * Summary: 
    +-------+-------+-------+-------+---------+
    |    Latency    |    Interval   | Pipeline|
    |  min  |  max  |  min  |  max  |   Type  |
    +-------+-------+-------+-------+---------+
    |  12827|  12827|  12827|  12827|   none  |
    +-------+-------+-------+-------+---------+

    + Detail: 
        * Instance: 
        N/A

        * Loop: 
        +-------------+------+------+----------+-----------+-----------+------+----------+
        |             |   Latency   | Iteration|  Initiation Interval  | Trip |          |
        |  Loop Name  |  min |  max |  Latency |  achieved |   target  | Count| Pipelined|
        +-------------+------+------+----------+-----------+-----------+------+----------+
        |- Loop 1     |  7825|  7825|       313|          -|          -|    25|    no    |
        | + Loop 1.1  |   300|   300|         3|          -|          -|   100|    no    |
        |- Loop 2     |  5000|  5000|         2|          -|          -|  2500|    no    |
        +-------------+------+------+----------+-----------+-----------+------+----------+



================================================================
== Utilization Estimates
================================================================
* Summary: 
+-----------------+---------+-------+--------+-------+
|       Name      | BRAM_18K| DSP48E|   FF   |  LUT  |
+-----------------+---------+-------+--------+-------+
|DSP              |        -|      -|       -|      -|
|Expression       |        -|      2|       0|    286|
|FIFO             |        -|      -|       -|      -|
|Instance         |        -|      0|     122|    337|
|Memory           |       78|      -|       0|      0|
|Multiplexer      |        -|      -|       -|    199|
|Register         |        -|      -|     301|      -|
+-----------------+---------+-------+--------+-------+
|Total            |       78|      2|     423|    822|
+-----------------+---------+-------+--------+-------+
|Available        |      280|    220|  106400|  53200|
+-----------------+---------+-------+--------+-------+
|Utilization (%)  |       27|   ~0  |   ~0   |      1|
+-----------------+---------+-------+--------+-------+

+ Detail: 
    * Instance: 
    +---------------------------------+------------------------------+---------+-------+----+-----+
    |             Instance            |            Module            | BRAM_18K| DSP48E| FF | LUT |
    +---------------------------------+------------------------------+---------+-------+----+-----+
    |worker_fcmp_32ns_32ns_1_1_U1     |worker_fcmp_32ns_32ns_1_1     |        0|      0|  66|  239|
    |worker_mux_16to1_sel5_32_1_U3    |worker_mux_16to1_sel5_32_1    |        0|      0|   0|   32|
    |worker_urem_7ns_6ns_7_11_seq_U2  |worker_urem_7ns_6ns_7_11_seq  |        0|      0|  56|   66|
    +---------------------------------+------------------------------+---------+-------+----+-----+
    |Total                            |                              |        0|      0| 122|  337|
    +---------------------------------+------------------------------+---------+-------+----+-----+

    * DSP48: 
    N/A

    * Memory: 
    +----------------+--------------------------------+---------+---+----+-------+-----+------+-------------+
    |     Memory     |             Module             | BRAM_18K| FF| LUT| Words | Bits| Banks| W*Bits*Banks|
    +----------------+--------------------------------+---------+---+----+-------+-----+------+-------------+
    |matrix_1_0_0_U  |worker_create_COO_matrix_1_0_0  |        2|  0|   0|    625|   32|     1|        20000|
    |matrix_1_0_1_U  |worker_create_COO_matrix_1_0_1  |        2|  0|   0|    625|   32|     1|        20000|
    |matrix_1_0_2_U  |worker_create_COO_matrix_1_0_2  |        2|  0|   0|    625|   32|     1|        20000|
    |matrix_1_0_3_U  |worker_create_COO_matrix_1_0_3  |        2|  0|   0|    625|   32|     1|        20000|
    |matrix_1_1_0_U  |worker_create_COO_matrix_1_1_0  |        2|  0|   0|    625|   32|     1|        20000|
    |matrix_1_1_1_U  |worker_create_COO_matrix_1_1_1  |        2|  0|   0|    625|   32|     1|        20000|
    |matrix_1_1_2_U  |worker_create_COO_matrix_1_1_2  |        2|  0|   0|    625|   32|     1|        20000|
    |matrix_1_1_3_U  |worker_create_COO_matrix_1_1_3  |        2|  0|   0|    625|   32|     1|        20000|
    |matrix_1_2_0_U  |worker_create_COO_matrix_1_2_0  |        2|  0|   0|    625|   32|     1|        20000|
    |matrix_1_2_1_U  |worker_create_COO_matrix_1_2_1  |        2|  0|   0|    625|   32|     1|        20000|
    |matrix_1_2_2_U  |worker_create_COO_matrix_1_2_2  |        2|  0|   0|    625|   32|     1|        20000|
    |matrix_1_2_3_U  |worker_create_COO_matrix_1_2_3  |        2|  0|   0|    625|   32|     1|        20000|
    |matrix_1_3_0_U  |worker_create_COO_matrix_1_3_0  |        2|  0|   0|    625|   32|     1|        20000|
    |matrix_1_3_1_U  |worker_create_COO_matrix_1_3_1  |        2|  0|   0|    625|   32|     1|        20000|
    |matrix_1_3_2_U  |worker_create_COO_matrix_1_3_2  |        2|  0|   0|    625|   32|     1|        20000|
    |matrix_1_3_3_U  |worker_create_COO_matrix_1_3_3  |        2|  0|   0|    625|   32|     1|        20000|
    |temp_row_U      |worker_create_COO_temp_row      |        7|  0|   0|  10000|    7|     1|        70000|
    |temp_col_U      |worker_create_COO_temp_row      |        7|  0|   0|  10000|    7|     1|        70000|
    |temp_val_U      |worker_create_COO_temp_val      |       32|  0|   0|  10000|   32|     1|       320000|
    +----------------+--------------------------------+---------+---+----+-------+-----+------+-------------+
    |Total           |                                |       78|  0|   0|  40000|  558|    19|       780000|
    +----------------+--------------------------------+---------+---+----+-------+-----+------+-------------+

    * FIFO: 
    N/A

    * Expression: 
    +---------------------+----------+-------+---+----+------------+------------+
    |    Variable Name    | Operation| DSP48E| FF| LUT| Bitwidth P0| Bitwidth P1|
    +---------------------+----------+-------+---+----+------------+------------+
    |mul_fu_546_p2        |     *    |      1|  0|   0|           7|           8|
    |tmp_13_fu_555_p2     |     *    |      1|  0|   4|           6|           5|
    |counter_1_fu_734_p2  |     +    |      0|  0|  32|          32|           1|
    |cur_ind_2_fu_807_p2  |     +    |      0|  0|  32|          32|           4|
    |grp_fu_527_p0        |     +    |      0|  0|   7|           7|           7|
    |i_2_fu_775_p2        |     +    |      0|  0|  12|          12|           1|
    |i_3_fu_516_p2        |     +    |      0|  0|   5|           5|           1|
    |j_1_fu_585_p2        |     +    |      0|  0|   7|           7|           1|
    |next_mul_fu_591_p2   |     +    |      0|  0|  15|           8|          15|
    |next_urem_fu_745_p2  |     +    |      0|  0|   7|           7|           1|
    |start_fu_818_p2      |     +    |      0|  0|  32|          32|           1|
    |tmp_15_fu_601_p2     |     +    |      0|  0|  10|          10|          10|
    |tmp_7_fu_640_p2      |     +    |      0|  0|   4|           4|           4|
    |tmp_12_fu_721_p2     |    and   |      0|  0|   1|           1|           1|
    |exitcond1_fu_579_p2  |   icmp   |      0|  0|   3|           7|           6|
    |exitcond2_fu_510_p2  |   icmp   |      0|  0|   2|           5|           4|
    |exitcond_fu_769_p2   |   icmp   |      0|  0|   5|          12|          12|
    |notlhs_fu_703_p2     |   icmp   |      0|  0|   3|           8|           2|
    |notrhs_fu_709_p2     |   icmp   |      0|  0|   8|          23|           1|
    |tmp_18_fu_751_p2     |   icmp   |      0|  0|   3|           7|           5|
    |tmp_1_fu_813_p2      |   icmp   |      0|  0|  11|          32|          32|
    |tmp_5_fu_781_p2      |   icmp   |      0|  0|  11|          32|          32|
    |tmp_10_fu_715_p2     |    or    |      0|  0|   1|           1|           1|
    |idx_urem_fu_757_p3   |  select  |      0|  0|   7|           1|           7|
    |p_start_fu_824_p3    |  select  |      0|  0|  32|           1|          32|
    |start_0_s_fu_832_p3  |  select  |      0|  0|  32|           1|          32|
    +---------------------+----------+-------+---+----+------------+------------+
    |Total                |          |      2|  0| 286|         300|         226|
    +---------------------+----------+-------+---+----+------------+------------+

    * Multiplexer: 
    +-------------------+----+-----------+-----+-----------+
    |        Name       | LUT| Input Size| Bits| Total Bits|
    +-------------------+----+-----------+-----+-----------+
    |ap_NS_fsm          |  15|         19|    1|         19|
    |counter_fu_116     |  32|          2|   32|         64|
    |cur_ind_1_fu_132   |  32|          2|   32|         64|
    |cur_ind_fu_136     |  32|          2|   32|         64|
    |i1_reg_478         |  12|          2|   12|         24|
    |i_reg_431          |   5|          2|    5|         10|
    |j_reg_442          |   7|          2|    7|         14|
    |phi_mul_reg_455    |  15|          2|   15|         30|
    |phi_urem_reg_466   |   7|          2|    7|         14|
    |temp_col_address0  |  14|          3|   14|         42|
    |temp_row_address0  |  14|          3|   14|         42|
    |temp_val_address0  |  14|          3|   14|         42|
    +-------------------+----+-----------+-----+-----------+
    |Total              | 199|         44|  185|        429|
    +-------------------+----+-----------+-----+-----------+

    * Register: 
    +-------------------------+----+----+-----+-----------+
    |           Name          | FF | LUT| Bits| Const Bits|
    +-------------------------+----+----+-----+-----------+
    |ap_CS_fsm                |  18|   0|   18|          0|
    |counter_fu_116           |  32|   0|   32|          0|
    |counter_load_1_reg_1027  |  32|   0|   32|          0|
    |cur_ind_1_fu_132         |  32|   0|   32|          0|
    |cur_ind_fu_136           |  32|   0|   32|          0|
    |i1_reg_478               |  12|   0|   12|          0|
    |i_2_reg_1022             |  12|   0|   12|          0|
    |i_3_reg_865              |   5|   0|    5|          0|
    |i_reg_431                |   5|   0|    5|          0|
    |j_1_reg_909              |   7|   0|    7|          0|
    |j_reg_442                |   7|   0|    7|          0|
    |newIndex_reg_891         |   7|   0|    7|          0|
    |next_mul_reg_914         |  15|   0|   15|          0|
    |phi_mul_reg_455          |  15|   0|   15|          0|
    |phi_urem_reg_466         |   7|   0|    7|          0|
    |tmp_13_reg_896           |  10|   0|   10|          0|
    |tmp_3_reg_1004           |  32|   0|   32|          0|
    |tmp_4_reg_901            |   2|   0|    4|          2|
    |tmp_5_reg_1032           |   1|   0|    1|          0|
    |tmp_7_reg_999            |   4|   0|    4|          0|
    |tmp_8_reg_857            |   7|   0|    7|          0|
    |tmp_reg_870              |   7|   0|    7|          0|
    +-------------------------+----+----+-----+-----------+
    |Total                    | 301|   0|  303|          2|
    +-------------------------+----+----+-----+-----------+



================================================================
== Interface
================================================================
* Summary: 
+----------------+-----+-----+------------+-------------------+--------------+
|    RTL Ports   | Dir | Bits|  Protocol  |   Source Object   |    C Type    |
+----------------+-----+-----+------------+-------------------+--------------+
|ap_clk          |  in |    1| ap_ctrl_hs | worker_create_COO | return value |
|ap_rst          |  in |    1| ap_ctrl_hs | worker_create_COO | return value |
|ap_start        |  in |    1| ap_ctrl_hs | worker_create_COO | return value |
|ap_done         | out |    1| ap_ctrl_hs | worker_create_COO | return value |
|ap_idle         | out |    1| ap_ctrl_hs | worker_create_COO | return value |
|ap_ready        | out |    1| ap_ctrl_hs | worker_create_COO | return value |
|ap_return       | out |   32| ap_ctrl_hs | worker_create_COO | return value |
|row_address0    | out |   12|  ap_memory |        row        |     array    |
|row_ce0         | out |    1|  ap_memory |        row        |     array    |
|row_we0         | out |    1|  ap_memory |        row        |     array    |
|row_d0          | out |    7|  ap_memory |        row        |     array    |
|col_address0    | out |   12|  ap_memory |        col        |     array    |
|col_ce0         | out |    1|  ap_memory |        col        |     array    |
|col_we0         | out |    1|  ap_memory |        col        |     array    |
|col_d0          | out |    7|  ap_memory |        col        |     array    |
|val_r_address0  | out |   12|  ap_memory |       val_r       |     array    |
|val_r_ce0       | out |    1|  ap_memory |       val_r       |     array    |
|val_r_we0       | out |    1|  ap_memory |       val_r       |     array    |
|val_r_d0        | out |   32|  ap_memory |       val_r       |     array    |
|block_r         |  in |    8|   ap_none  |      block_r      |    scalar    |
+----------------+-----+-----+------------+-------------------+--------------+

